mode: set
github.com/vukieuhaihoa/bookmark-management/internal/service/health_check_service.go:48.105,54.2 1 0
github.com/vukieuhaihoa/bookmark-management/internal/service/health_check_service.go:67.89,68.52 1 0
github.com/vukieuhaihoa/bookmark-management/internal/service/health_check_service.go:68.52,70.3 1 0
github.com/vukieuhaihoa/bookmark-management/internal/service/health_check_service.go:72.2,72.51 1 0
github.com/vukieuhaihoa/bookmark-management/internal/service/pass_service.go:29.68,33.2 1 0
github.com/vukieuhaihoa/bookmark-management/internal/service/pass_service.go:42.62,44.2 1 0
github.com/vukieuhaihoa/bookmark-management/internal/service/shorten_url_service.go:52.100,57.2 1 1
github.com/vukieuhaihoa/bookmark-management/internal/service/shorten_url_service.go:70.104,74.59 3 1
github.com/vukieuhaihoa/bookmark-management/internal/service/shorten_url_service.go:74.59,76.17 2 1
github.com/vukieuhaihoa/bookmark-management/internal/service/shorten_url_service.go:76.17,78.4 1 1
github.com/vukieuhaihoa/bookmark-management/internal/service/shorten_url_service.go:81.3,82.17 2 1
github.com/vukieuhaihoa/bookmark-management/internal/service/shorten_url_service.go:82.17,84.33 1 1
github.com/vukieuhaihoa/bookmark-management/internal/service/shorten_url_service.go:84.33,86.10 1 1
github.com/vukieuhaihoa/bookmark-management/internal/service/shorten_url_service.go:89.4,89.18 1 1
github.com/vukieuhaihoa/bookmark-management/internal/service/shorten_url_service.go:93.3,93.34 1 1
github.com/vukieuhaihoa/bookmark-management/internal/service/shorten_url_service.go:93.34,95.4 1 1
github.com/vukieuhaihoa/bookmark-management/internal/service/shorten_url_service.go:99.2,100.16 2 1
github.com/vukieuhaihoa/bookmark-management/internal/service/shorten_url_service.go:100.16,102.3 1 1
github.com/vukieuhaihoa/bookmark-management/internal/service/shorten_url_service.go:104.2,104.21 1 1
