mode: atomic
github.com/vukieuhaihoa/bookmark-management/internal/api/api.go:60.57,70.2 3 0
github.com/vukieuhaihoa/bookmark-management/internal/api/api.go:77.29,79.2 1 0
github.com/vukieuhaihoa/bookmark-management/internal/api/api.go:87.65,89.2 1 0
github.com/vukieuhaihoa/bookmark-management/internal/api/api.go:94.32,107.2 10 0
github.com/vukieuhaihoa/bookmark-management/internal/api/api.go:107.2,119.3 4 0
github.com/vukieuhaihoa/bookmark-management/internal/api/api.go:60.57,70.2 3 0
github.com/vukieuhaihoa/bookmark-management/internal/api/api.go:77.29,79.2 1 0
github.com/vukieuhaihoa/bookmark-management/internal/api/api.go:87.65,89.2 1 0
github.com/vukieuhaihoa/bookmark-management/internal/api/api.go:94.32,107.2 10 0
github.com/vukieuhaihoa/bookmark-management/internal/api/api.go:107.2,119.3 4 0
github.com/vukieuhaihoa/bookmark-management/internal/handler/health_check_handler.go:43.58,45.2 1 0
github.com/vukieuhaihoa/bookmark-management/internal/handler/health_check_handler.go:63.52,65.16 2 2
github.com/vukieuhaihoa/bookmark-management/internal/handler/health_check_handler.go:65.16,72.3 2 1
github.com/vukieuhaihoa/bookmark-management/internal/handler/health_check_handler.go:73.2,77.4 1 1
github.com/vukieuhaihoa/bookmark-management/internal/handler/pass_handler.go:38.49,40.2 1 2
github.com/vukieuhaihoa/bookmark-management/internal/handler/pass_handler.go:60.60,62.16 2 2
github.com/vukieuhaihoa/bookmark-management/internal/handler/pass_handler.go:62.16,65.3 2 1
github.com/vukieuhaihoa/bookmark-management/internal/handler/pass_handler.go:66.2,66.31 1 1
github.com/vukieuhaihoa/bookmark-management/internal/handler/shorten_url_handler.go:31.65,35.2 1 3
github.com/vukieuhaihoa/bookmark-management/internal/handler/shorten_url_handler.go:63.56,67.58 3 3
github.com/vukieuhaihoa/bookmark-management/internal/handler/shorten_url_handler.go:67.58,73.3 2 1
github.com/vukieuhaihoa/bookmark-management/internal/handler/shorten_url_handler.go:75.2,76.16 2 2
github.com/vukieuhaihoa/bookmark-management/internal/handler/shorten_url_handler.go:76.16,82.3 2 1
github.com/vukieuhaihoa/bookmark-management/internal/handler/shorten_url_handler.go:84.2,87.4 1 1
github.com/vukieuhaihoa/bookmark-management/internal/repository/health_check_repo.go:34.60,38.2 1 0
github.com/vukieuhaihoa/bookmark-management/internal/repository/health_check_repo.go:47.62,49.2 1 0
github.com/vukieuhaihoa/bookmark-management/internal/repository/shorten_url_repo.go:56.58,60.2 1 0
github.com/vukieuhaihoa/bookmark-management/internal/repository/shorten_url_repo.go:71.77,73.2 1 0
github.com/vukieuhaihoa/bookmark-management/internal/repository/shorten_url_repo.go:85.90,86.19 1 0
github.com/vukieuhaihoa/bookmark-management/internal/repository/shorten_url_repo.go:86.19,88.3 1 0
github.com/vukieuhaihoa/bookmark-management/internal/repository/shorten_url_repo.go:89.2,89.85 1 0
github.com/vukieuhaihoa/bookmark-management/internal/service/health_check_service.go:48.105,54.2 1 0
github.com/vukieuhaihoa/bookmark-management/internal/service/health_check_service.go:67.89,68.52 1 0
github.com/vukieuhaihoa/bookmark-management/internal/service/health_check_service.go:68.52,70.3 1 0
github.com/vukieuhaihoa/bookmark-management/internal/service/health_check_service.go:72.2,72.51 1 0
github.com/vukieuhaihoa/bookmark-management/internal/service/pass_service.go:29.68,33.2 1 0
github.com/vukieuhaihoa/bookmark-management/internal/service/pass_service.go:42.62,44.2 1 0
github.com/vukieuhaihoa/bookmark-management/internal/service/shorten_url_service.go:52.100,57.2 1 0
github.com/vukieuhaihoa/bookmark-management/internal/service/shorten_url_service.go:70.104,74.59 3 0
github.com/vukieuhaihoa/bookmark-management/internal/service/shorten_url_service.go:74.59,76.17 2 0
github.com/vukieuhaihoa/bookmark-management/internal/service/shorten_url_service.go:76.17,78.4 1 0
github.com/vukieuhaihoa/bookmark-management/internal/service/shorten_url_service.go:81.3,82.17 2 0
github.com/vukieuhaihoa/bookmark-management/internal/service/shorten_url_service.go:82.17,84.33 1 0
github.com/vukieuhaihoa/bookmark-management/internal/service/shorten_url_service.go:84.33,86.10 1 0
github.com/vukieuhaihoa/bookmark-management/internal/service/shorten_url_service.go:89.4,89.18 1 0
github.com/vukieuhaihoa/bookmark-management/internal/service/shorten_url_service.go:93.3,93.34 1 0
github.com/vukieuhaihoa/bookmark-management/internal/service/shorten_url_service.go:93.34,95.4 1 0
github.com/vukieuhaihoa/bookmark-management/internal/service/shorten_url_service.go:99.2,100.16 2 0
github.com/vukieuhaihoa/bookmark-management/internal/service/shorten_url_service.go:100.16,102.3 1 0
github.com/vukieuhaihoa/bookmark-management/internal/service/shorten_url_service.go:104.2,104.21 1 0
github.com/vukieuhaihoa/bookmark-management/pkg/redis/mock.go:17.48,22.2 2 0
github.com/vukieuhaihoa/bookmark-management/pkg/stringutils/code.go:31.39,33.2 1 0
github.com/vukieuhaihoa/bookmark-management/pkg/stringutils/code.go:44.72,47.30 2 0
github.com/vukieuhaihoa/bookmark-management/pkg/stringutils/code.go:47.30,49.17 2 0
github.com/vukieuhaihoa/bookmark-management/pkg/stringutils/code.go:49.17,51.4 1 0
github.com/vukieuhaihoa/bookmark-management/pkg/stringutils/code.go:52.3,52.53 1 0
github.com/vukieuhaihoa/bookmark-management/pkg/stringutils/code.go:54.2,54.33 1 0
github.com/vukieuhaihoa/bookmark-management/internal/api/api.go:60.57,70.2 3 0
github.com/vukieuhaihoa/bookmark-management/internal/api/api.go:77.29,79.2 1 0
github.com/vukieuhaihoa/bookmark-management/internal/api/api.go:87.65,89.2 1 0
github.com/vukieuhaihoa/bookmark-management/internal/api/api.go:94.32,107.2 10 0
github.com/vukieuhaihoa/bookmark-management/internal/api/api.go:107.2,119.3 4 0
github.com/vukieuhaihoa/bookmark-management/internal/handler/health_check_handler.go:43.58,45.2 1 0
github.com/vukieuhaihoa/bookmark-management/internal/handler/health_check_handler.go:63.52,65.16 2 0
github.com/vukieuhaihoa/bookmark-management/internal/handler/health_check_handler.go:65.16,72.3 2 0
github.com/vukieuhaihoa/bookmark-management/internal/handler/health_check_handler.go:73.2,77.4 1 0
github.com/vukieuhaihoa/bookmark-management/internal/handler/pass_handler.go:38.49,40.2 1 0
github.com/vukieuhaihoa/bookmark-management/internal/handler/pass_handler.go:60.60,62.16 2 0
github.com/vukieuhaihoa/bookmark-management/internal/handler/pass_handler.go:62.16,65.3 2 0
github.com/vukieuhaihoa/bookmark-management/internal/handler/pass_handler.go:66.2,66.31 1 0
github.com/vukieuhaihoa/bookmark-management/internal/handler/shorten_url_handler.go:31.65,35.2 1 0
github.com/vukieuhaihoa/bookmark-management/internal/handler/shorten_url_handler.go:63.56,67.58 3 0
github.com/vukieuhaihoa/bookmark-management/internal/handler/shorten_url_handler.go:67.58,73.3 2 0
github.com/vukieuhaihoa/bookmark-management/internal/handler/shorten_url_handler.go:75.2,76.16 2 0
github.com/vukieuhaihoa/bookmark-management/internal/handler/shorten_url_handler.go:76.16,82.3 2 0
github.com/vukieuhaihoa/bookmark-management/internal/handler/shorten_url_handler.go:84.2,87.4 1 0
github.com/vukieuhaihoa/bookmark-management/internal/repository/health_check_repo.go:34.60,38.2 1 2
github.com/vukieuhaihoa/bookmark-management/internal/repository/health_check_repo.go:47.62,49.2 1 2
github.com/vukieuhaihoa/bookmark-management/internal/repository/shorten_url_repo.go:56.58,60.2 1 4
github.com/vukieuhaihoa/bookmark-management/internal/repository/shorten_url_repo.go:71.77,73.2 1 2
github.com/vukieuhaihoa/bookmark-management/internal/repository/shorten_url_repo.go:85.90,86.19 1 2
github.com/vukieuhaihoa/bookmark-management/internal/repository/shorten_url_repo.go:86.19,88.3 1 2
github.com/vukieuhaihoa/bookmark-management/internal/repository/shorten_url_repo.go:89.2,89.85 1 2
github.com/vukieuhaihoa/bookmark-management/internal/service/health_check_service.go:48.105,54.2 1 0
github.com/vukieuhaihoa/bookmark-management/internal/service/health_check_service.go:67.89,68.52 1 0
github.com/vukieuhaihoa/bookmark-management/internal/service/health_check_service.go:68.52,70.3 1 0
github.com/vukieuhaihoa/bookmark-management/internal/service/health_check_service.go:72.2,72.51 1 0
github.com/vukieuhaihoa/bookmark-management/internal/service/pass_service.go:29.68,33.2 1 0
github.com/vukieuhaihoa/bookmark-management/internal/service/pass_service.go:42.62,44.2 1 0
github.com/vukieuhaihoa/bookmark-management/internal/service/shorten_url_service.go:52.100,57.2 1 0
github.com/vukieuhaihoa/bookmark-management/internal/service/shorten_url_service.go:70.104,74.59 3 0
github.com/vukieuhaihoa/bookmark-management/internal/service/shorten_url_service.go:74.59,76.17 2 0
github.com/vukieuhaihoa/bookmark-management/internal/service/shorten_url_service.go:76.17,78.4 1 0
github.com/vukieuhaihoa/bookmark-management/internal/service/shorten_url_service.go:81.3,82.17 2 0
github.com/vukieuhaihoa/bookmark-management/internal/service/shorten_url_service.go:82.17,84.33 1 0
github.com/vukieuhaihoa/bookmark-management/internal/service/shorten_url_service.go:84.33,86.10 1 0
github.com/vukieuhaihoa/bookmark-management/internal/service/shorten_url_service.go:89.4,89.18 1 0
github.com/vukieuhaihoa/bookmark-management/internal/service/shorten_url_service.go:93.3,93.34 1 0
github.com/vukieuhaihoa/bookmark-management/internal/service/shorten_url_service.go:93.34,95.4 1 0
github.com/vukieuhaihoa/bookmark-management/internal/service/shorten_url_service.go:99.2,100.16 2 0
github.com/vukieuhaihoa/bookmark-management/internal/service/shorten_url_service.go:100.16,102.3 1 0
github.com/vukieuhaihoa/bookmark-management/internal/service/shorten_url_service.go:104.2,104.21 1 0
github.com/vukieuhaihoa/bookmark-management/pkg/redis/mock.go:17.48,22.2 2 6
github.com/vukieuhaihoa/bookmark-management/pkg/stringutils/code.go:31.39,33.2 1 0
github.com/vukieuhaihoa/bookmark-management/pkg/stringutils/code.go:44.72,47.30 2 0
github.com/vukieuhaihoa/bookmark-management/pkg/stringutils/code.go:47.30,49.17 2 0
github.com/vukieuhaihoa/bookmark-management/pkg/stringutils/code.go:49.17,51.4 1 0
github.com/vukieuhaihoa/bookmark-management/pkg/stringutils/code.go:52.3,52.53 1 0
github.com/vukieuhaihoa/bookmark-management/pkg/stringutils/code.go:54.2,54.33 1 0
github.com/vukieuhaihoa/bookmark-management/internal/api/api.go:60.57,70.2 3 0
github.com/vukieuhaihoa/bookmark-management/internal/api/api.go:77.29,79.2 1 0
github.com/vukieuhaihoa/bookmark-management/internal/api/api.go:87.65,89.2 1 0
github.com/vukieuhaihoa/bookmark-management/internal/api/api.go:94.32,107.2 10 0
github.com/vukieuhaihoa/bookmark-management/internal/api/api.go:107.2,119.3 4 0
github.com/vukieuhaihoa/bookmark-management/internal/handler/health_check_handler.go:43.58,45.2 1 0
github.com/vukieuhaihoa/bookmark-management/internal/handler/health_check_handler.go:63.52,65.16 2 0
github.com/vukieuhaihoa/bookmark-management/internal/handler/health_check_handler.go:65.16,72.3 2 0
github.com/vukieuhaihoa/bookmark-management/internal/handler/health_check_handler.go:73.2,77.4 1 0
github.com/vukieuhaihoa/bookmark-management/internal/handler/pass_handler.go:38.49,40.2 1 0
github.com/vukieuhaihoa/bookmark-management/internal/handler/pass_handler.go:60.60,62.16 2 0
github.com/vukieuhaihoa/bookmark-management/internal/handler/pass_handler.go:62.16,65.3 2 0
github.com/vukieuhaihoa/bookmark-management/internal/handler/pass_handler.go:66.2,66.31 1 0
github.com/vukieuhaihoa/bookmark-management/internal/handler/shorten_url_handler.go:31.65,35.2 1 0
github.com/vukieuhaihoa/bookmark-management/internal/handler/shorten_url_handler.go:63.56,67.58 3 0
github.com/vukieuhaihoa/bookmark-management/internal/handler/shorten_url_handler.go:67.58,73.3 2 0
github.com/vukieuhaihoa/bookmark-management/internal/handler/shorten_url_handler.go:75.2,76.16 2 0
github.com/vukieuhaihoa/bookmark-management/internal/handler/shorten_url_handler.go:76.16,82.3 2 0
github.com/vukieuhaihoa/bookmark-management/internal/handler/shorten_url_handler.go:84.2,87.4 1 0
github.com/vukieuhaihoa/bookmark-management/internal/repository/health_check_repo.go:34.60,38.2 1 0
github.com/vukieuhaihoa/bookmark-management/internal/repository/health_check_repo.go:47.62,49.2 1 0
github.com/vukieuhaihoa/bookmark-management/internal/repository/shorten_url_repo.go:56.58,60.2 1 0
github.com/vukieuhaihoa/bookmark-management/internal/repository/shorten_url_repo.go:71.77,73.2 1 0
github.com/vukieuhaihoa/bookmark-management/internal/repository/shorten_url_repo.go:85.90,86.19 1 0
github.com/vukieuhaihoa/bookmark-management/internal/repository/shorten_url_repo.go:86.19,88.3 1 0
github.com/vukieuhaihoa/bookmark-management/internal/repository/shorten_url_repo.go:89.2,89.85 1 0
github.com/vukieuhaihoa/bookmark-management/internal/service/health_check_service.go:48.105,54.2 1 2
github.com/vukieuhaihoa/bookmark-management/internal/service/health_check_service.go:67.89,68.52 1 2
github.com/vukieuhaihoa/bookmark-management/internal/service/health_check_service.go:68.52,70.3 1 1
github.com/vukieuhaihoa/bookmark-management/internal/service/health_check_service.go:72.2,72.51 1 1
github.com/vukieuhaihoa/bookmark-management/internal/service/pass_service.go:29.68,33.2 1 1
github.com/vukieuhaihoa/bookmark-management/internal/service/pass_service.go:42.62,44.2 1 1
github.com/vukieuhaihoa/bookmark-management/internal/service/shorten_url_service.go:52.100,57.2 1 7
github.com/vukieuhaihoa/bookmark-management/internal/service/shorten_url_service.go:70.104,74.59 3 7
github.com/vukieuhaihoa/bookmark-management/internal/service/shorten_url_service.go:74.59,76.17 2 17
github.com/vukieuhaihoa/bookmark-management/internal/service/shorten_url_service.go:76.17,78.4 1 1
github.com/vukieuhaihoa/bookmark-management/internal/service/shorten_url_service.go:81.3,82.17 2 16
github.com/vukieuhaihoa/bookmark-management/internal/service/shorten_url_service.go:82.17,84.33 1 5
github.com/vukieuhaihoa/bookmark-management/internal/service/shorten_url_service.go:84.33,86.10 1 4
github.com/vukieuhaihoa/bookmark-management/internal/service/shorten_url_service.go:89.4,89.18 1 1
github.com/vukieuhaihoa/bookmark-management/internal/service/shorten_url_service.go:93.3,93.34 1 11
github.com/vukieuhaihoa/bookmark-management/internal/service/shorten_url_service.go:93.34,95.4 1 1
github.com/vukieuhaihoa/bookmark-management/internal/service/shorten_url_service.go:99.2,100.16 2 4
github.com/vukieuhaihoa/bookmark-management/internal/service/shorten_url_service.go:100.16,102.3 1 2
github.com/vukieuhaihoa/bookmark-management/internal/service/shorten_url_service.go:104.2,104.21 1 2
github.com/vukieuhaihoa/bookmark-management/pkg/redis/mock.go:17.48,22.2 2 0
github.com/vukieuhaihoa/bookmark-management/pkg/stringutils/code.go:31.39,33.2 1 0
github.com/vukieuhaihoa/bookmark-management/pkg/stringutils/code.go:44.72,47.30 2 0
github.com/vukieuhaihoa/bookmark-management/pkg/stringutils/code.go:47.30,49.17 2 0
github.com/vukieuhaihoa/bookmark-management/pkg/stringutils/code.go:49.17,51.4 1 0
github.com/vukieuhaihoa/bookmark-management/pkg/stringutils/code.go:52.3,52.53 1 0
github.com/vukieuhaihoa/bookmark-management/pkg/stringutils/code.go:54.2,54.33 1 0
github.com/vukieuhaihoa/bookmark-management/internal/api/api.go:60.57,70.2 3 4
github.com/vukieuhaihoa/bookmark-management/internal/api/api.go:77.29,79.2 1 0
github.com/vukieuhaihoa/bookmark-management/internal/api/api.go:87.65,89.2 1 4
github.com/vukieuhaihoa/bookmark-management/internal/api/api.go:94.32,107.2 10 4
github.com/vukieuhaihoa/bookmark-management/internal/api/api.go:107.2,119.3 4 4
github.com/vukieuhaihoa/bookmark-management/internal/handler/health_check_handler.go:43.58,45.2 1 4
github.com/vukieuhaihoa/bookmark-management/internal/handler/health_check_handler.go:63.52,65.16 2 1
github.com/vukieuhaihoa/bookmark-management/internal/handler/health_check_handler.go:65.16,72.3 2 0
github.com/vukieuhaihoa/bookmark-management/internal/handler/health_check_handler.go:73.2,77.4 1 1
github.com/vukieuhaihoa/bookmark-management/internal/handler/pass_handler.go:38.49,40.2 1 4
github.com/vukieuhaihoa/bookmark-management/internal/handler/pass_handler.go:60.60,62.16 2 1
github.com/vukieuhaihoa/bookmark-management/internal/handler/pass_handler.go:62.16,65.3 2 0
github.com/vukieuhaihoa/bookmark-management/internal/handler/pass_handler.go:66.2,66.31 1 1
github.com/vukieuhaihoa/bookmark-management/internal/handler/shorten_url_handler.go:31.65,35.2 1 4
github.com/vukieuhaihoa/bookmark-management/internal/handler/shorten_url_handler.go:63.56,67.58 3 2
github.com/vukieuhaihoa/bookmark-management/internal/handler/shorten_url_handler.go:67.58,73.3 2 1
github.com/vukieuhaihoa/bookmark-management/internal/handler/shorten_url_handler.go:75.2,76.16 2 1
github.com/vukieuhaihoa/bookmark-management/internal/handler/shorten_url_handler.go:76.16,82.3 2 0
github.com/vukieuhaihoa/bookmark-management/internal/handler/shorten_url_handler.go:84.2,87.4 1 1
github.com/vukieuhaihoa/bookmark-management/internal/repository/health_check_repo.go:34.60,38.2 1 4
github.com/vukieuhaihoa/bookmark-management/internal/repository/health_check_repo.go:47.62,49.2 1 1
github.com/vukieuhaihoa/bookmark-management/internal/repository/shorten_url_repo.go:56.58,60.2 1 4
github.com/vukieuhaihoa/bookmark-management/internal/repository/shorten_url_repo.go:71.77,73.2 1 1
github.com/vukieuhaihoa/bookmark-management/internal/repository/shorten_url_repo.go:85.90,86.19 1 1
github.com/vukieuhaihoa/bookmark-management/internal/repository/shorten_url_repo.go:86.19,88.3 1 0
github.com/vukieuhaihoa/bookmark-management/internal/repository/shorten_url_repo.go:89.2,89.85 1 1
github.com/vukieuhaihoa/bookmark-management/internal/service/health_check_service.go:48.105,54.2 1 4
github.com/vukieuhaihoa/bookmark-management/internal/service/health_check_service.go:67.89,68.52 1 1
github.com/vukieuhaihoa/bookmark-management/internal/service/health_check_service.go:68.52,70.3 1 0
github.com/vukieuhaihoa/bookmark-management/internal/service/health_check_service.go:72.2,72.51 1 1
github.com/vukieuhaihoa/bookmark-management/internal/service/pass_service.go:29.68,33.2 1 4
github.com/vukieuhaihoa/bookmark-management/internal/service/pass_service.go:42.62,44.2 1 1
github.com/vukieuhaihoa/bookmark-management/internal/service/shorten_url_service.go:52.100,57.2 1 4
github.com/vukieuhaihoa/bookmark-management/internal/service/shorten_url_service.go:70.104,74.59 3 1
github.com/vukieuhaihoa/bookmark-management/internal/service/shorten_url_service.go:74.59,76.17 2 1
github.com/vukieuhaihoa/bookmark-management/internal/service/shorten_url_service.go:76.17,78.4 1 0
github.com/vukieuhaihoa/bookmark-management/internal/service/shorten_url_service.go:81.3,82.17 2 1
github.com/vukieuhaihoa/bookmark-management/internal/service/shorten_url_service.go:82.17,84.33 1 1
github.com/vukieuhaihoa/bookmark-management/internal/service/shorten_url_service.go:84.33,86.10 1 1
github.com/vukieuhaihoa/bookmark-management/internal/service/shorten_url_service.go:89.4,89.18 1 0
github.com/vukieuhaihoa/bookmark-management/internal/service/shorten_url_service.go:93.3,93.34 1 0
github.com/vukieuhaihoa/bookmark-management/internal/service/shorten_url_service.go:93.34,95.4 1 0
github.com/vukieuhaihoa/bookmark-management/internal/service/shorten_url_service.go:99.2,100.16 2 1
github.com/vukieuhaihoa/bookmark-management/internal/service/shorten_url_service.go:100.16,102.3 1 0
github.com/vukieuhaihoa/bookmark-management/internal/service/shorten_url_service.go:104.2,104.21 1 1
github.com/vukieuhaihoa/bookmark-management/pkg/redis/mock.go:17.48,22.2 2 4
github.com/vukieuhaihoa/bookmark-management/pkg/stringutils/code.go:31.39,33.2 1 4
github.com/vukieuhaihoa/bookmark-management/pkg/stringutils/code.go:44.72,47.30 2 2
github.com/vukieuhaihoa/bookmark-management/pkg/stringutils/code.go:47.30,49.17 2 20
github.com/vukieuhaihoa/bookmark-management/pkg/stringutils/code.go:49.17,51.4 1 0
github.com/vukieuhaihoa/bookmark-management/pkg/stringutils/code.go:52.3,52.53 1 20
github.com/vukieuhaihoa/bookmark-management/pkg/stringutils/code.go:54.2,54.33 1 2
github.com/vukieuhaihoa/bookmark-management/pkg/redis/mock.go:17.48,22.2 2 0
github.com/vukieuhaihoa/bookmark-management/internal/api/api.go:60.57,70.2 3 0
github.com/vukieuhaihoa/bookmark-management/internal/api/api.go:77.29,79.2 1 0
github.com/vukieuhaihoa/bookmark-management/internal/api/api.go:87.65,89.2 1 0
github.com/vukieuhaihoa/bookmark-management/internal/api/api.go:94.32,107.2 10 0
github.com/vukieuhaihoa/bookmark-management/internal/api/api.go:107.2,119.3 4 0
github.com/vukieuhaihoa/bookmark-management/internal/handler/health_check_handler.go:43.58,45.2 1 0
github.com/vukieuhaihoa/bookmark-management/internal/handler/health_check_handler.go:63.52,65.16 2 0
github.com/vukieuhaihoa/bookmark-management/internal/handler/health_check_handler.go:65.16,72.3 2 0
github.com/vukieuhaihoa/bookmark-management/internal/handler/health_check_handler.go:73.2,77.4 1 0
github.com/vukieuhaihoa/bookmark-management/internal/handler/pass_handler.go:38.49,40.2 1 0
github.com/vukieuhaihoa/bookmark-management/internal/handler/pass_handler.go:60.60,62.16 2 0
github.com/vukieuhaihoa/bookmark-management/internal/handler/pass_handler.go:62.16,65.3 2 0
github.com/vukieuhaihoa/bookmark-management/internal/handler/pass_handler.go:66.2,66.31 1 0
github.com/vukieuhaihoa/bookmark-management/internal/handler/shorten_url_handler.go:31.65,35.2 1 0
github.com/vukieuhaihoa/bookmark-management/internal/handler/shorten_url_handler.go:63.56,67.58 3 0
github.com/vukieuhaihoa/bookmark-management/internal/handler/shorten_url_handler.go:67.58,73.3 2 0
github.com/vukieuhaihoa/bookmark-management/internal/handler/shorten_url_handler.go:75.2,76.16 2 0
github.com/vukieuhaihoa/bookmark-management/internal/handler/shorten_url_handler.go:76.16,82.3 2 0
github.com/vukieuhaihoa/bookmark-management/internal/handler/shorten_url_handler.go:84.2,87.4 1 0
github.com/vukieuhaihoa/bookmark-management/internal/repository/health_check_repo.go:34.60,38.2 1 0
github.com/vukieuhaihoa/bookmark-management/internal/repository/health_check_repo.go:47.62,49.2 1 0
github.com/vukieuhaihoa/bookmark-management/internal/repository/shorten_url_repo.go:56.58,60.2 1 0
github.com/vukieuhaihoa/bookmark-management/internal/repository/shorten_url_repo.go:71.77,73.2 1 0
github.com/vukieuhaihoa/bookmark-management/internal/repository/shorten_url_repo.go:85.90,86.19 1 0
github.com/vukieuhaihoa/bookmark-management/internal/repository/shorten_url_repo.go:86.19,88.3 1 0
github.com/vukieuhaihoa/bookmark-management/internal/repository/shorten_url_repo.go:89.2,89.85 1 0
github.com/vukieuhaihoa/bookmark-management/internal/service/health_check_service.go:48.105,54.2 1 0
github.com/vukieuhaihoa/bookmark-management/internal/service/health_check_service.go:67.89,68.52 1 0
github.com/vukieuhaihoa/bookmark-management/internal/service/health_check_service.go:68.52,70.3 1 0
github.com/vukieuhaihoa/bookmark-management/internal/service/health_check_service.go:72.2,72.51 1 0
github.com/vukieuhaihoa/bookmark-management/internal/service/pass_service.go:29.68,33.2 1 0
github.com/vukieuhaihoa/bookmark-management/internal/service/pass_service.go:42.62,44.2 1 0
github.com/vukieuhaihoa/bookmark-management/internal/service/shorten_url_service.go:52.100,57.2 1 0
github.com/vukieuhaihoa/bookmark-management/internal/service/shorten_url_service.go:70.104,74.59 3 0
github.com/vukieuhaihoa/bookmark-management/internal/service/shorten_url_service.go:74.59,76.17 2 0
github.com/vukieuhaihoa/bookmark-management/internal/service/shorten_url_service.go:76.17,78.4 1 0
github.com/vukieuhaihoa/bookmark-management/internal/service/shorten_url_service.go:81.3,82.17 2 0
github.com/vukieuhaihoa/bookmark-management/internal/service/shorten_url_service.go:82.17,84.33 1 0
github.com/vukieuhaihoa/bookmark-management/internal/service/shorten_url_service.go:84.33,86.10 1 0
github.com/vukieuhaihoa/bookmark-management/internal/service/shorten_url_service.go:89.4,89.18 1 0
github.com/vukieuhaihoa/bookmark-management/internal/service/shorten_url_service.go:93.3,93.34 1 0
github.com/vukieuhaihoa/bookmark-management/internal/service/shorten_url_service.go:93.34,95.4 1 0
github.com/vukieuhaihoa/bookmark-management/internal/service/shorten_url_service.go:99.2,100.16 2 0
github.com/vukieuhaihoa/bookmark-management/internal/service/shorten_url_service.go:100.16,102.3 1 0
github.com/vukieuhaihoa/bookmark-management/internal/service/shorten_url_service.go:104.2,104.21 1 0
github.com/vukieuhaihoa/bookmark-management/pkg/redis/mock.go:17.48,22.2 2 0
github.com/vukieuhaihoa/bookmark-management/pkg/stringutils/code.go:31.39,33.2 1 1
github.com/vukieuhaihoa/bookmark-management/pkg/stringutils/code.go:44.72,47.30 2 1
github.com/vukieuhaihoa/bookmark-management/pkg/stringutils/code.go:47.30,49.17 2 8
github.com/vukieuhaihoa/bookmark-management/pkg/stringutils/code.go:49.17,51.4 1 0
github.com/vukieuhaihoa/bookmark-management/pkg/stringutils/code.go:52.3,52.53 1 8
github.com/vukieuhaihoa/bookmark-management/pkg/stringutils/code.go:54.2,54.33 1 1
